@@ -430,8 +430,53 @@
 ur head.
+%0d%0a%0d%0aAnd that is all I have to say about that.
